// Jest Snapshot v1, https://goo.gl/fbAQLP

exports[`PostSummary should render correctly 1`] = `
<div>
  <img
    alt=""
    class="post-summary-image"
    src={null}
  />
  <div
    className="post-summary-text"
  >
    <b>
      title
    </b>
    <div>
      excerpt
    </div>
  </div>
</div>
`;
